#Entity         SMACT        TENSO        SMCLK        POWER             GPUTL             
ID                                                      W                                  
GPU 0           N/A          N/A          1695         344.017           100               
GPU 0           0.822        0.241        1545         343.712           100               
GPU 0           0.873        0.249        1500         345.101           100               
GPU 0           0.885        0.326        1635         343.008           100               
GPU 0           0.879        0.262        1515         344.080           100               
GPU 0           0.877        0.282        1560         344.375           100               
GPU 0           0.881        0.294        1545         342.442           100               
GPU 0           0.875        0.255        1530         342.706           100               
GPU 0           0.886        0.319        1560         341.574           100               
GPU 0           0.877        0.261        1530         341.422           100               
GPU 0           0.874        0.249        1545         343.071           100               
GPU 0           0.886        0.325        1680         340.754           100               
GPU 0           0.876        0.261        1530         341.981           100               
GPU 0           0.881        0.296        1575         342.743           100               
GPU 0           0.879        0.279        1575         342.815           100               
#Entity         SMACT        TENSO        SMCLK        POWER             GPUTL             
ID                                                      W                                  
GPU 0           0.872        0.256        1530         344.082           100               
GPU 0           0.886        0.321        1575         344.237           100               
GPU 0           0.878        0.261        1545         344.419           100               
GPU 0           0.873        0.249        1515         345.636           100               
GPU 0           0.884        0.329        1650         343.985           100               
GPU 0           0.875        0.265        1530         345.202           100               
GPU 0           0.884        0.311        1545         346.281           100               
GPU 0           0.877        0.265        1530         344.737           100               
GPU 0           0.870        0.254        1530         345.125           100               
GPU 0           0.886        0.325        1590         343.400           100               
GPU 0           0.876        0.264        1545         343.827           100               
GPU 0           0.875        0.254        1515         344.341           100               
GPU 0           0.884        0.322        1650         342.952           100               
GPU 0           0.872        0.257        1530         344.013           100               
#Entity         SMACT        TENSO        SMCLK        POWER             GPUTL             
ID                                                      W                                  
GPU 0           0.887        0.319        1545         343.638           100               
GPU 0           0.877        0.264        1545         343.800           100               
GPU 0           0.874        0.250        1500         344.808           100               
GPU 0           0.886        0.329        1635         342.994           100               
GPU 0           0.877        0.260        1530         343.720           100               
GPU 0           0.877        0.277        1485         344.340           100               
GPU 0           0.882        0.302        1620         342.505           100               
GPU 0           0.873        0.256        1515         343.374           100               
GPU 0           0.886        0.322        1545         342.740           100               
GPU 0           0.876        0.261        1545         341.971           100               
GPU 0           0.873        0.250        1530         343.262           100               
GPU 0           0.886        0.327        1665         341.830           100               
GPU 0           0.877        0.261        1530         342.732           100               
GPU 0           0.880        0.296        1560         343.991           100               
#Entity         SMACT        TENSO        SMCLK        POWER             GPUTL             
ID                                                      W                                  
GPU 0           0.880        0.281        1575         342.979           100               
GPU 0           0.873        0.255        1515         343.763           100               
GPU 0           0.886        0.322        1560         343.473           100               
GPU 0           0.879        0.265        1530         343.360           100               
GPU 0           0.873        0.248        1530         343.698           100               
GPU 0           0.886        0.331        1650         342.978           100               
GPU 0           0.873        0.260        1530         344.187           100               
GPU 0           0.886        0.318        1515         344.543           100               
GPU 0           0.878        0.265        1545         342.960           100               
GPU 0           0.873        0.252        1515         343.759           100               
GPU 0           0.886        0.326        1605         344.939           100               
GPU 0           0.876        0.262        1530         343.777           100               
GPU 0           0.875        0.262        1500         344.069           100               
GPU 0           0.884        0.319        1635         343.060           100               
#Entity         SMACT        TENSO        SMCLK        POWER             GPUTL             
ID                                                      W                                  
GPU 0           0.873        0.259        1515         344.519           100               
GPU 0           0.887        0.320        1545         345.819           100               
GPU 0           0.876        0.260        1530         343.734           100               
GPU 0           0.873        0.253        1500         344.377           100               
GPU 0           0.885        0.327        1650         343.883           100               
GPU 0           0.878        0.264        1545         343.958           100               
GPU 0           0.877        0.283        1485         344.160           100               
GPU 0           0.879        0.294        1590         341.995           100               
GPU 0           0.871        0.255        1530         344.149           100               
GPU 0           0.887        0.321        1560         344.950           100               
GPU 0           0.876        0.264        1545         343.755           100               
GPU 0           0.874        0.246        1530         344.305           100               
GPU 0           0.886        0.329        1665         343.825           100               
GPU 0           0.873        0.254        1530         344.356           100               
#Entity         SMACT        TENSO        SMCLK        POWER             GPUTL             
ID                                                      W                                  
GPU 0           0.882        0.313        1470         344.927           100               
GPU 0           0.878        0.274        1545         343.298           100               
GPU 0           0.872        0.255        1515         344.658           100               
GPU 0           0.886        0.323        1560         345.915           100               
GPU 0           0.878        0.265        1530         344.058           100               
GPU 0           0.875        0.254        1515         344.334           100               
GPU 0           0.884        0.327        1650         342.577           100               
GPU 0           0.873        0.259        1530         343.281           100               
GPU 0           0.887        0.320        1530         343.881           100               
GPU 0           0.875        0.263        1530         342.190           100               
GPU 0           0.873        0.251        1500         343.060           100               
GPU 0           0.886        0.329        1635         343.014           100               
GPU 0           0.877        0.260        1530         343.459           100               
GPU 0           0.878        0.280        1470         343.827           100               
#Entity         SMACT        TENSO        SMCLK        POWER             GPUTL             
ID                                                      W                                  
GPU 0           0.881        0.301        1605         341.760           100               
GPU 0           0.874        0.259        1500         343.322           100               
GPU 0           0.886        0.320        1560         344.247           100               
GPU 0           0.878        0.264        1530         343.429           100               
GPU 0           0.872        0.249        1530         344.232           100               
GPU 0           0.885        0.327        1665         343.682           100               
GPU 0           0.874        0.254        1530         344.251           100               
GPU 0           0.881        0.308        1500         345.039           100               
GPU 0           0.878        0.279        1545         343.497           100               
GPU 0           0.872        0.253        1500         344.872           100               
GPU 0           0.886        0.326        1560         346.235           100               
GPU 0           0.877        0.262        1530         344.915           100               
GPU 0           0.874        0.252        1530         345.033           100               
GPU 0           0.884        0.328        1650         344.093           100               
#Entity         SMACT        TENSO        SMCLK        POWER             GPUTL             
ID                                                      W                                  
GPU 0           0.873        0.260        1545         344.706           100               
GPU 0           0.886        0.318        1530         345.273           100               
GPU 0           0.877        0.265        1530         343.443           100               
GPU 0           0.872        0.253        1485         343.811           100               
GPU 0           0.886        0.328        1635         343.854           100               
GPU 0           0.877        0.263        1515         343.794           100               
GPU 0           0.876        0.276        1455         344.486           100               
GPU 0           0.881        0.305        1605         343.061           100               
GPU 0           0.873        0.258        1515         343.985           100               
GPU 0           0.886        0.322        1560         344.304           100               
GPU 0           0.877        0.263        1545         342.768           100               
GPU 0           0.874        0.249        1530         343.461           100               
GPU 0           0.885        0.326        1665         343.355           100               
GPU 0           0.875        0.257        1530         344.086           100               
#Entity         SMACT        TENSO        SMCLK        POWER             GPUTL             
ID                                                      W                                  
GPU 0           0.880        0.306        1500         344.426           100               
GPU 0           0.879        0.280        1545         343.344           100               
GPU 0           0.873        0.254        1515         344.642           100               
GPU 0           0.887        0.324        1560         345.830           100               
GPU 0           0.875        0.263        1530         344.820           100               
GPU 0           0.873        0.251        1515         345.031           100               
GPU 0           0.884        0.331        1650         343.944           100               
GPU 0           0.871        0.259        1530         344.686           100               
GPU 0           0.887        0.318        1515         345.044           100               
GPU 0           0.878        0.265        1530         343.091           100               
GPU 0           0.874        0.254        1500         344.181           100               
GPU 0           0.886        0.328        1620         343.742           100               
GPU 0           0.876        0.261        1515         343.224           100               
GPU 0           0.877        0.282        1470         343.362           100               
#Entity         SMACT        TENSO        SMCLK        POWER             GPUTL             
ID                                                      W                                  
GPU 0           0.882        0.302        1590         341.780           100               
GPU 0           0.873        0.256        1515         343.034           100               
GPU 0           0.886        0.324        1560         343.662           100               
GPU 0           0.877        0.264        1545         342.509           100               
GPU 0           0.872        0.332        1500         342.801           100               
GPU 0           0.873        0.256        1515         343.139           100               
GPU 0           0.884        0.316        1500         343.833           100               
GPU 0           0.878        0.271        1515         342.890           100               
GPU 0           0.873        0.255        1500         344.533           100               
GPU 0           0.885        0.326        1575         345.625           100               
GPU 0           0.877        0.265        1530         344.791           100               
GPU 0           0.874        0.257        1470         344.663           100               
GPU 0           0.883        0.323        1635         343.339           100               
GPU 0           0.871        0.258        1500         344.242           100               
#Entity         SMACT        TENSO        SMCLK        POWER             GPUTL             
ID                                                      W                                  
GPU 0           0.886        0.321        1515         345.185           100               
GPU 0           0.878        0.266        1500         343.128           100               
GPU 0           0.873        0.253        1485         342.913           100               
GPU 0           0.886        0.331        1635         342.885           100               
GPU 0           0.877        0.262        1530         343.147           100               
GPU 0           0.879        0.293        1545         344.350           100               
GPU 0           0.879        0.287        1560         342.609           100               
GPU 0           0.874        0.257        1485         344.273           100               
GPU 0           0.885        0.323        1545         345.182           100               
